###############################################################################
#                                                                             #
# IAR ELF Linker V1.31.1.50058 for STM8                 17/Mar/2016  14:20:02 #
# Copyright 2010-2012 IAR Systems AB.                                         #
#                                                                             #
#    Output file  =  F:\Source Code\bunka-s\Bunka STM8L151G6 RX Source\Bunka  #
#                    STM8L151G6 RX Source Ver1.18 G4U6\Debug\Exe\project.out  #
#    Map file     =  F:\Source Code\bunka-s\Bunka STM8L151G6 RX Source\Bunka  #
#                    STM8L151G6 RX Source Ver1.18 G4U6\Debug\List\project.map #
#    Command line =  "F:\Source Code\bunka-s\Bunka STM8L151G6 RX              #
#                    Source\Bunka STM8L151G6 RX Source Ver1.18                #
#                    G4U6\Debug\Obj\ID_Decode.o" "F:\Source                   #
#                    Code\bunka-s\Bunka STM8L151G6 RX Source\Bunka            #
#                    STM8L151G6 RX Source Ver1.18 G4U6\Debug\Obj\Initial.o"   #
#                    "F:\Source Code\bunka-s\Bunka STM8L151G6 RX              #
#                    Source\Bunka STM8L151G6 RX Source Ver1.18                #
#                    G4U6\Debug\Obj\Timer.o" "F:\Source Code\bunka-s\Bunka    #
#                    STM8L151G6 RX Source\Bunka STM8L151G6 RX Source Ver1.18  #
#                    G4U6\Debug\Obj\adf7021.o" "F:\Source Code\bunka-s\Bunka  #
#                    STM8L151G6 RX Source\Bunka STM8L151G6 RX Source Ver1.18  #
#                    G4U6\Debug\Obj\eeprom.o" "F:\Source Code\bunka-s\Bunka   #
#                    STM8L151G6 RX Source\Bunka STM8L151G6 RX Source Ver1.18  #
#                    G4U6\Debug\Obj\main.o" "F:\Source Code\bunka-s\Bunka     #
#                    STM8L151G6 RX Source\Bunka STM8L151G6 RX Source Ver1.18  #
#                    G4U6\Debug\Obj\ram.o" "F:\Source Code\bunka-s\Bunka      #
#                    STM8L151G6 RX Source\Bunka STM8L151G6 RX Source Ver1.18  #
#                    G4U6\Debug\Obj\stm8l15x_adc.o" "F:\Source                #
#                    Code\bunka-s\Bunka STM8L151G6 RX Source\Bunka            #
#                    STM8L151G6 RX Source Ver1.18                             #
#                    G4U6\Debug\Obj\stm8l15x_aes.o" "F:\Source                #
#                    Code\bunka-s\Bunka STM8L151G6 RX Source\Bunka            #
#                    STM8L151G6 RX Source Ver1.18                             #
#                    G4U6\Debug\Obj\stm8l15x_beep.o" "F:\Source               #
#                    Code\bunka-s\Bunka STM8L151G6 RX Source\Bunka            #
#                    STM8L151G6 RX Source Ver1.18                             #
#                    G4U6\Debug\Obj\stm8l15x_clk.o" "F:\Source                #
#                    Code\bunka-s\Bunka STM8L151G6 RX Source\Bunka            #
#                    STM8L151G6 RX Source Ver1.18                             #
#                    G4U6\Debug\Obj\stm8l15x_comp.o" "F:\Source               #
#                    Code\bunka-s\Bunka STM8L151G6 RX Source\Bunka            #
#                    STM8L151G6 RX Source Ver1.18                             #
#                    G4U6\Debug\Obj\stm8l15x_dac.o" "F:\Source                #
#                    Code\bunka-s\Bunka STM8L151G6 RX Source\Bunka            #
#                    STM8L151G6 RX Source Ver1.18                             #
#                    G4U6\Debug\Obj\stm8l15x_dma.o" "F:\Source                #
#                    Code\bunka-s\Bunka STM8L151G6 RX Source\Bunka            #
#                    STM8L151G6 RX Source Ver1.18                             #
#                    G4U6\Debug\Obj\stm8l15x_exti.o" "F:\Source               #
#                    Code\bunka-s\Bunka STM8L151G6 RX Source\Bunka            #
#                    STM8L151G6 RX Source Ver1.18                             #
#                    G4U6\Debug\Obj\stm8l15x_flash.o" "F:\Source              #
#                    Code\bunka-s\Bunka STM8L151G6 RX Source\Bunka            #
#                    STM8L151G6 RX Source Ver1.18                             #
#                    G4U6\Debug\Obj\stm8l15x_gpio.o" "F:\Source               #
#                    Code\bunka-s\Bunka STM8L151G6 RX Source\Bunka            #
#                    STM8L151G6 RX Source Ver1.18                             #
#                    G4U6\Debug\Obj\stm8l15x_i2c.o" "F:\Source                #
#                    Code\bunka-s\Bunka STM8L151G6 RX Source\Bunka            #
#                    STM8L151G6 RX Source Ver1.18                             #
#                    G4U6\Debug\Obj\stm8l15x_irtim.o" "F:\Source              #
#                    Code\bunka-s\Bunka STM8L151G6 RX Source\Bunka            #
#                    STM8L151G6 RX Source Ver1.18                             #
#                    G4U6\Debug\Obj\stm8l15x_it.o" "F:\Source                 #
#                    Code\bunka-s\Bunka STM8L151G6 RX Source\Bunka            #
#                    STM8L151G6 RX Source Ver1.18                             #
#                    G4U6\Debug\Obj\stm8l15x_itc.o" "F:\Source                #
#                    Code\bunka-s\Bunka STM8L151G6 RX Source\Bunka            #
#                    STM8L151G6 RX Source Ver1.18                             #
#                    G4U6\Debug\Obj\stm8l15x_iwdg.o" "F:\Source               #
#                    Code\bunka-s\Bunka STM8L151G6 RX Source\Bunka            #
#                    STM8L151G6 RX Source Ver1.18                             #
#                    G4U6\Debug\Obj\stm8l15x_lcd.o" "F:\Source                #
#                    Code\bunka-s\Bunka STM8L151G6 RX Source\Bunka            #
#                    STM8L151G6 RX Source Ver1.18                             #
#                    G4U6\Debug\Obj\stm8l15x_pwr.o" "F:\Source                #
#                    Code\bunka-s\Bunka STM8L151G6 RX Source\Bunka            #
#                    STM8L151G6 RX Source Ver1.18                             #
#                    G4U6\Debug\Obj\stm8l15x_rst.o" "F:\Source                #
#                    Code\bunka-s\Bunka STM8L151G6 RX Source\Bunka            #
#                    STM8L151G6 RX Source Ver1.18                             #
#                    G4U6\Debug\Obj\stm8l15x_rtc.o" "F:\Source                #
#                    Code\bunka-s\Bunka STM8L151G6 RX Source\Bunka            #
#                    STM8L151G6 RX Source Ver1.18                             #
#                    G4U6\Debug\Obj\stm8l15x_spi.o" "F:\Source                #
#                    Code\bunka-s\Bunka STM8L151G6 RX Source\Bunka            #
#                    STM8L151G6 RX Source Ver1.18                             #
#                    G4U6\Debug\Obj\stm8l15x_syscfg.o" "F:\Source             #
#                    Code\bunka-s\Bunka STM8L151G6 RX Source\Bunka            #
#                    STM8L151G6 RX Source Ver1.18                             #
#                    G4U6\Debug\Obj\stm8l15x_tim1.o" "F:\Source               #
#                    Code\bunka-s\Bunka STM8L151G6 RX Source\Bunka            #
#                    STM8L151G6 RX Source Ver1.18                             #
#                    G4U6\Debug\Obj\stm8l15x_tim2.o" "F:\Source               #
#                    Code\bunka-s\Bunka STM8L151G6 RX Source\Bunka            #
#                    STM8L151G6 RX Source Ver1.18                             #
#                    G4U6\Debug\Obj\stm8l15x_tim3.o" "F:\Source               #
#                    Code\bunka-s\Bunka STM8L151G6 RX Source\Bunka            #
#                    STM8L151G6 RX Source Ver1.18                             #
#                    G4U6\Debug\Obj\stm8l15x_tim4.o" "F:\Source               #
#                    Code\bunka-s\Bunka STM8L151G6 RX Source\Bunka            #
#                    STM8L151G6 RX Source Ver1.18                             #
#                    G4U6\Debug\Obj\stm8l15x_tim5.o" "F:\Source               #
#                    Code\bunka-s\Bunka STM8L151G6 RX Source\Bunka            #
#                    STM8L151G6 RX Source Ver1.18                             #
#                    G4U6\Debug\Obj\stm8l15x_usart.o" "F:\Source              #
#                    Code\bunka-s\Bunka STM8L151G6 RX Source\Bunka            #
#                    STM8L151G6 RX Source Ver1.18                             #
#                    G4U6\Debug\Obj\stm8l15x_wfe.o" "F:\Source                #
#                    Code\bunka-s\Bunka STM8L151G6 RX Source\Bunka            #
#                    STM8L151G6 RX Source Ver1.18                             #
#                    G4U6\Debug\Obj\stm8l15x_wwdg.o" "F:\Source               #
#                    Code\bunka-s\Bunka STM8L151G6 RX Source\Bunka            #
#                    STM8L151G6 RX Source Ver1.18 G4U6\Debug\Obj\uart.o"      #
#                    --redirect _Printf=_PrintfSmall --redirect               #
#                    _Scanf=_ScanfSmall -o "F:\Source Code\bunka-s\Bunka      #
#                    STM8L151G6 RX Source\Bunka STM8L151G6 RX Source Ver1.18  #
#                    G4U6\Debug\Exe\project.out" --map "F:\Source             #
#                    Code\bunka-s\Bunka STM8L151G6 RX Source\Bunka            #
#                    STM8L151G6 RX Source Ver1.18                             #
#                    G4U6\Debug\List\project.map" --config "D:\Program Files  #
#                    (x86)\IAR Systems\Embedded Workbench 6.0                 #
#                    Evaluation\stm8\config\lnkstm8l151g4.icf" --config_def   #
#                    _CSTACK_SIZE=0x100 --config_def _HEAP_SIZE=0x100         #
#                    --entry __iar_program_start --debug_lib                  #
#                                                                             #
#                                                                             #
###############################################################################

*******************************************************************************
*** RUNTIME MODEL ATTRIBUTES
***

__SystemLibrary            = DLib
__code_model               = medium_or_large
__core                     = stm8
__data_model               = medium
__dlib_file_descriptor     = 0
__dlib_full_locale_support = 0
__rt_version               = 4


*******************************************************************************
*** RESERVED RANGES
***

Ranges reserved by absolute symbols:
   [0x005053-0x005053]
   [0x0050c8-0x0050c8]
   [0x005231-0x005231]


*******************************************************************************
*** PLACEMENT SUMMARY
***

"A1":  place at start of [0x000000-0x0000ff] { rw section .vregs };
"A2":  place at end of [0x000000-0x0007ff] { block CSTACK };
"P2":  place in [from 0x000000 to 0x0007ff] {
          block HEAP, rw section .far.bss, rw section .far.data,
          rw section .far.noinit, rw section .far_func.textrw,
          rw section .huge.bss, rw section .huge.data, rw section .huge.noinit,
          rw section .huge_func.textrw, rw section .iar.dynexit,
          rw section .near.bss, rw section .near.data, rw section .near.noinit,
          rw section .near_func.textrw };
"A3":  place at start of [0x008000-0x00bfff] { block INTVEC };
"P3":  place in [from 0x008000 to 0x00bfff] {
          ro section .far.data_init, ro section .far_func.textrw_init,
          ro section .huge.data_init, ro section .huge_func.textrw_init,
          ro section .iar.init_table, ro section .init_array,
          ro section .near.data_init, ro section .near.rodata,
          ro section .near_func.text, ro section .near_func.textrw_init,
          ro section .tiny.data_init, ro section .tiny.rodata_init };
"P4":  place in [from 0x008000 to 0x00bfff] {
          ro section .far.rodata, ro section .far_func.text };

  Section          Kind      Address    Size  Object
  -------          ----      -------    ----  ------
"A1":                                   0x10
  .vregs           uninit   0x000000    0x10  vregs.o [4]
                          - 0x000010    0x10

"P2":                                  0x4c6
  .near.bss        zero     0x000010   0x400  ram.o [1]
  .near.bss        zero     0x000410    0x40  ram.o [1]
  .near.bss        zero     0x000450    0x18  ram.o [1]
  .near.bss        zero     0x000468    0x10  ram.o [1]
  .near.bss        zero     0x000478    0x10  ram.o [1]
  .near.bss        zero     0x000488     0x4  ram.o [1]
  .near.bss        zero     0x00048c     0x4  ram.o [1]
  .near.bss        zero     0x000490     0x4  ram.o [1]
  .near.bss        zero     0x000494     0x4  ram.o [1]
  .near.bss        zero     0x000498     0x2  ram.o [1]
  .near.bss        zero     0x00049a     0x2  ram.o [1]
  .near.bss        zero     0x00049c     0x2  ram.o [1]
  .near.bss        zero     0x00049e     0x2  ram.o [1]
  .near.bss        zero     0x0004a0     0x2  ram.o [1]
  .near.bss        zero     0x0004a2     0x2  ram.o [1]
  .near.bss        zero     0x0004a4     0x2  ram.o [1]
  .near.bss        zero     0x0004a6     0x2  ram.o [1]
  .near.bss        zero     0x0004a8     0x2  ram.o [1]
  .near.bss        zero     0x0004aa     0x2  ram.o [1]
  .near.bss        zero     0x0004ac     0x2  ram.o [1]
  .near.bss        zero     0x0004ae     0x2  ram.o [1]
  .near.bss        zero     0x0004b0     0x2  ram.o [1]
  .near.bss        zero     0x0004b2     0x2  ram.o [1]
  .near.bss        zero     0x0004b4     0x2  ram.o [1]
  .near.bss        zero     0x0004b6     0x2  ram.o [1]
  .near.bss        zero     0x0004b8     0x2  ram.o [1]
  .near.bss        zero     0x0004ba     0x2  ram.o [1]
  .near.bss        zero     0x0004bc     0x2  ram.o [1]
  .near.bss        zero     0x0004be     0x2  ram.o [1]
  .near.bss        zero     0x0004c0     0x2  ram.o [1]
  .near.bss        zero     0x0004c2     0x2  ram.o [1]
  .near.bss        zero     0x0004c4     0x1  ram.o [1]
  .near.bss        zero     0x0004c5     0x1  ram.o [1]
  .near.bss        zero     0x0004c6     0x1  ram.o [1]
  .near.bss        zero     0x0004c7     0x1  ram.o [1]
  .near.bss        zero     0x0004c8     0x1  ram.o [1]
  .near.bss        zero     0x0004c9     0x1  ram.o [1]
  .near.bss        zero     0x0004ca     0x1  ram.o [1]
  .near.bss        zero     0x0004cb     0x1  ram.o [1]
  .near.bss        zero     0x0004cc     0x1  ram.o [1]
  .near.bss        zero     0x0004cd     0x1  ram.o [1]
  .near.bss        zero     0x0004ce     0x1  ram.o [1]
  .near.bss        zero     0x0004cf     0x1  ram.o [1]
  .near.bss        zero     0x0004d0     0x1  ram.o [1]
  .near.bss        zero     0x0004d1     0x1  ram.o [1]
  .near.bss        zero     0x0004d2     0x1  ram.o [1]
  .near.bss        zero     0x0004d3     0x1  ram.o [1]
  .near.bss        zero     0x0004d4     0x1  ram.o [1]
  .near.bss        zero     0x0004d5     0x1  ram.o [1]
                          - 0x0004d6   0x4c6

"A2":                                  0x100
  CSTACK                    0x000700   0x100  <Block>
    CSTACK         uninit   0x000700   0x100  <Block tail>
                          - 0x000800   0x100

"A3":                                   0x80
  INTVEC                    0x008000    0x80  <Block>
    .intvec        const    0x008000    0x80  interrupt.o [4]
                          - 0x008080    0x80

"P3":                                   0x65
  .near.rodata     const    0x008080    0x40  ram.o [1]
  .iar.init_table  const    0x0080c0     0x9  - Linker created -
  .near.rodata     const    0x0080c9    0x10  adf7021.o [1]
  .near.rodata     const    0x0080d9     0x3  eeprom.o [1]
  .near.rodata     const    0x0080dc     0x3  eeprom.o [1]
  .near.rodata     const    0x0080df     0x3  eeprom.o [1]
  .near.rodata     const    0x0080e2     0x3  eeprom.o [1]
                          - 0x0080e5    0x65

"P4":                                 0x25b2
  .far_func.text   ro code  0x0080e5   0x928  eeprom.o [1]
  .far_func.text   ro code  0x008a0d   0x4c7  ID_Decode.o [1]
  .far_func.text   ro code  0x008ed4   0x25b  uart.o [1]
  .far_func.text   ro code  0x00912f   0x22d  Initial.o [1]
  .far_func.text   ro code  0x00935c   0x223  ID_Decode.o [1]
  .far_func.text   ro code  0x00957f   0x1bc  ID_Decode.o [1]
  .far_func.text   ro code  0x00973b   0x126  Initial.o [1]
  .far_func.text   ro code  0x009861   0x109  long.o [4]
  .far_func.text   ro code  0x00996a    0xf3  ID_Decode.o [1]
  .far_func.text   ro code  0x009a5d    0xe9  adf7021.o [1]
  .far_func.text   ro code  0x009b46    0xdf  adf7021.o [1]
  .far_func.text   ro code  0x009c25    0xd9  vreg_util.o [4]
  .far_func.text   ro code  0x009cfe    0xcb  adf7021.o [1]
  .far_func.text   ro code  0x009dc9    0xb2  adf7021.o [1]
  .far_func.text   ro code  0x009e7b    0xb2  adf7021.o [1]
  .far_func.text   ro code  0x009f2d    0xa7  ID_Decode.o [1]
  .far_func.text   ro code  0x009fd4    0x92  adf7021.o [1]
  .far_func.text   ro code  0x00a066    0x90  main.o [1]
  .far_func.text   ro code  0x00a0f6    0x72  long_util.o [4]
  .far_func.text   ro code  0x00a168    0x6d  adf7021.o [1]
  .far_func.text   ro code  0x00a1d5    0x60  ID_Decode.o [1]
  .far_func.text   ro code  0x00a235    0x5a  ID_Decode.o [1]
  .far_func.text   ro code  0x00a28f    0x54  Timer.o [1]
  .far_func.text   ro code  0x00a2e3    0x4f  uart.o [1]
  .far_func.text   ro code  0x00a332    0x40  ID_Decode.o [1]
  .far_func.text   ro code  0x00a372    0x3f  adf7021.o [1]
  .far_func.text   ro code  0x00a3b1    0x3b  adf7021.o [1]
  .far_func.text   ro code  0x00a3ec    0x35  adf7021.o [1]
  .far_func.text   ro code  0x00a421    0x2e  Initial.o [1]
  .far_func.text   ro code  0x00a44f    0x21  Initial.o [1]
  .far_func.text   ro code  0x00a470    0x1e  uart.o [1]
  .far_func.text   ro code  0x00a48e    0x1e  short.o [4]
  .far_func.text   ro code  0x00a4ac    0x1e  init.o [4]
  .far_func.text   ro code  0x00a4ca    0x1e  init_small.o [4]
  .far_func.text   ro code  0x00a4e8    0x1d  eeprom.o [1]
  .far_func.text   ro code  0x00a505    0x1d  uart.o [1]
  .far_func.text   ro code  0x00a522    0x1d  uart.o [1]
  .far_func.text   ro code  0x00a53f    0x1b  stm8l15x_it.o [1]
  .far_func.text   ro code  0x00a55a    0x1b  stm8l15x_it.o [1]
  .far_func.text   ro code  0x00a575    0x1b  stm8l15x_it.o [1]
  .far_func.text   ro code  0x00a590    0x1a  uart.o [1]
  .far_func.text   ro code  0x00a5aa    0x17  cstartup.o [4]
  .far_func.text   ro code  0x00a5c1    0x16  __dbg_xxexit.o [3]
  .far_func.text   ro code  0x00a5d7    0x11  Initial.o [1]
  .far_func.text   ro code  0x00a5e8    0x11  Timer.o [1]
  .far_func.text   ro code  0x00a5f9    0x11  eeprom.o [1]
  .far_func.text   ro code  0x00a60a     0xe  far_util.o [4]
  .far_func.text   ro code  0x00a618     0xd  Initial.o [1]
  .far_func.text   ro code  0x00a625     0xd  move.o [4]
  .far_func.text   ro code  0x00a632     0xc  uart.o [1]
  .far_func.text   ro code  0x00a63e     0xb  Initial.o [1]
  .far_func.text   ro code  0x00a649     0xa  uart.o [1]
  .far_func.text   ro code  0x00a653     0x9  ID_Decode.o [1]
  .far_func.text   ro code  0x00a65c     0x6  char.o [4]
  .far_func.text   ro code  0x00a662     0x6  cexit.o [4]
  .far_func.text   ro code  0x00a668     0x5  Initial.o [1]
  .far_func.text   ro code  0x00a66d     0x4  interrupt.o [4]
  .far_func.text   ro code  0x00a671     0x4  exit.o [4]
  .far_func.text   ro code  0x00a675     0x3  low_level_init.o [4]
  .far_func.text   ro code  0x00a678     0x3  unhandled_exception.o [4]
  .far_func.text   ro code  0x00a67b     0x1  stm8l15x_it.o [1]
  .far_func.text   ro code  0x00a67c     0x1  stm8l15x_it.o [1]
  .far_func.text   ro code  0x00a67d     0x1  stm8l15x_it.o [1]
  .far_func.text   ro code  0x00a67e     0x1  stm8l15x_it.o [1]
  .far_func.text   ro code  0x00a67f     0x1  stm8l15x_it.o [1]
  .far_func.text   ro code  0x00a680     0x1  stm8l15x_it.o [1]
  .far_func.text   ro code  0x00a681     0x1  stm8l15x_it.o [1]
  .far_func.text   ro code  0x00a682     0x1  stm8l15x_it.o [1]
  .far_func.text   ro code  0x00a683     0x1  stm8l15x_it.o [1]
  .far_func.text   ro code  0x00a684     0x1  stm8l15x_it.o [1]
  .far_func.text   ro code  0x00a685     0x1  stm8l15x_it.o [1]
  .far_func.text   ro code  0x00a686     0x1  stm8l15x_it.o [1]
  .far_func.text   ro code  0x00a687     0x1  stm8l15x_it.o [1]
  .far_func.text   ro code  0x00a688     0x1  stm8l15x_it.o [1]
  .far_func.text   ro code  0x00a689     0x1  stm8l15x_it.o [1]
  .far_func.text   ro code  0x00a68a     0x1  stm8l15x_it.o [1]
  .far_func.text   ro code  0x00a68b     0x1  stm8l15x_it.o [1]
  .far_func.text   ro code  0x00a68c     0x1  stm8l15x_it.o [1]
  .far_func.text   ro code  0x00a68d     0x1  stm8l15x_it.o [1]
  .far_func.text   ro code  0x00a68e     0x1  stm8l15x_it.o [1]
  .far_func.text   ro code  0x00a68f     0x1  stm8l15x_it.o [1]
  .far_func.text   ro code  0x00a690     0x1  stm8l15x_it.o [1]
  .far_func.text   ro code  0x00a691     0x1  stm8l15x_it.o [1]
  .far_func.text   ro code  0x00a692     0x1  stm8l15x_it.o [1]
  .far_func.text   ro code  0x00a693     0x1  stm8l15x_it.o [1]
  .far_func.text   ro code  0x00a694     0x1  stm8l15x_it.o [1]
  .far_func.text   ro code  0x00a695     0x1  stm8l15x_it.o [1]
  .far_func.text   ro code  0x00a696     0x1  __dbg_break.o [3]
                          - 0x00a697  0x25b2


*******************************************************************************
*** INIT TABLE
***

          Address   Size
          -------   ----
Zero (__iar_zero_init2)
    1 destination range, total size 0x4c6:
          0x000010  0x4c6


*******************************************************************************
*** MODULE SUMMARY
***

    Module                 ro code  ro data  rw data
    ------                 -------  -------  -------
F:\Source Code\bunka-s\Bunka STM8L151G6 RX Source\Bunka STM8L151G6 RX Source Ver1.18 G4U6\Debug\Obj: [1]
    ID_Decode.o              2 883
    Initial.o                  976
    Timer.o                    101
    adf7021.o                1 445       16
    eeprom.o                 2 390       12
    main.o                     144
    ram.o                                64    1 222
    stm8l15x_it.o              108
    uart.o                     818
    ------------------------------------------------
    Total:                   8 865       92    1 222

command line: [2]
    ------------------------------------------------
    Total:

dbgstm8mmd.a: [3]
    __dbg_break.o                1
    __dbg_xxexit.o              22
    ------------------------------------------------
    Total:                      23

dlstm8mmn.a: [4]
    cexit.o                      6
    char.o                       6
    cstartup.o                  23
    exit.o                       4
    far_util.o                  14
    init.o                      30
    init_small.o                30
    interrupt.o                  4      128
    long.o                     265
    long_util.o                114
    low_level_init.o             3
    move.o                      13
    short.o                     30
    unhandled_exception.o        3
    vreg_util.o                217
    vregs.o                                       16
    ------------------------------------------------
    Total:                     762      128       16

    Linker created                        9      256
----------------------------------------------------
    Grand Total:             9 650      229    1 494


*******************************************************************************
*** ENTRY LIST
***

Entry                      Address   Size  Type      Object
-----                      -------   ----  ----      ------
?add32_l0_l0_0x           0x00987c         Code  Gb  long.o [4]
?add32_l0_l0_l1           0x009879         Code  Gb  long.o [4]
?b0                       0x000000         Data  Gb  vregs.o [4]
?b1                       0x000001         Data  Gb  vregs.o [4]
?b10                      0x00000a         Data  Gb  vregs.o [4]
?b11                      0x00000b         Data  Gb  vregs.o [4]
?b12                      0x00000c         Data  Gb  vregs.o [4]
?b13                      0x00000d         Data  Gb  vregs.o [4]
?b14                      0x00000e         Data  Gb  vregs.o [4]
?b15                      0x00000f         Data  Gb  vregs.o [4]
?b2                       0x000002         Data  Gb  vregs.o [4]
?b3                       0x000003         Data  Gb  vregs.o [4]
?b4                       0x000004         Data  Gb  vregs.o [4]
?b5                       0x000005         Data  Gb  vregs.o [4]
?b6                       0x000006         Data  Gb  vregs.o [4]
?b7                       0x000007         Data  Gb  vregs.o [4]
?b8                       0x000008         Data  Gb  vregs.o [4]
?b9                       0x000009         Data  Gb  vregs.o [4]
?e0                       0x000001         Data  Gb  vregs.o [4]
?e1                       0x000005         Data  Gb  vregs.o [4]
?e2                       0x000009         Data  Gb  vregs.o [4]
?e3                       0x00000d         Data  Gb  vregs.o [4]
?epilogue_l2              0x009cd1         Code  Gb  vreg_util.o [4]
?epilogue_l2_l3           0x009ccd         Code  Gb  vreg_util.o [4]
?epilogue_l2_w6           0x009cd6         Code  Gb  vreg_util.o [4]
?epilogue_w4              0x009cdf         Code  Gb  vreg_util.o [4]
?inc32_0x_0x              0x00986b         Code  Gb  long.o [4]
?inc32_l0_l0              0x009861         Code  Gb  long.o [4]
?inc32_l1_l1              0x009866         Code  Gb  long.o [4]
?l0                       0x000000         Data  Gb  vregs.o [4]
?l1                       0x000004         Data  Gb  vregs.o [4]
?l2                       0x000008         Data  Gb  vregs.o [4]
?l3                       0x00000c         Data  Gb  vregs.o [4]
?load24_e1_0x             0x00a60a         Code  Gb  far_util.o [4]
?load32_0x_l0             0x00a14c         Code  Gb  long_util.o [4]
?load32_0x_l1             0x00a15a         Code  Gb  long_util.o [4]
?load32_l0_0x             0x00a110         Code  Gb  long_util.o [4]
?load32_l0_asp            0x00a104         Code  Gb  long_util.o [4]
?load32_l0_dbsp           0x00a0f6         Code  Gb  long_util.o [4]
?load32_l0_xsp            0x00a106         Code  Gb  long_util.o [4]
?load32_l1_0x             0x00a136         Code  Gb  long_util.o [4]
?load32_l1_asp            0x00a12a         Code  Gb  long_util.o [4]
?load32_l1_dbsp           0x00a11c         Code  Gb  long_util.o [4]
?load32_l1_xsp            0x00a12c         Code  Gb  long_util.o [4]
?load32_xsp_l0            0x00a142         Code  Gb  long_util.o [4]
?mov_e1_e0                0x009ce7         Code  Gb  vreg_util.o [4]
?mov_e1_e2                0x009cf4         Code  Gb  vreg_util.o [4]
?mov_l1_l0                0x009ce4         Code  Gb  vreg_util.o [4]
?mov_l1_l2                0x009cf1         Code  Gb  vreg_util.o [4]
?mov_w3_w1                0x009cea         Code  Gb  vreg_util.o [4]
?mov_w3_w5                0x009cf7         Code  Gb  vreg_util.o [4]
?move1616_v_x_y_a         0x00a625         Code  Gb  move.o [4]
?mul16_x_x_w0             0x00a48e         Code  Gb  short.o [4]
?mul32_l0_l0_l1           0x009894         Code  Gb  long.o [4]
?or32_l0_l0_0x            0x009925         Code  Gb  long.o [4]
?or32_l0_l0_l1            0x009922         Code  Gb  long.o [4]
?pop_l0                   0x009c95         Code  Gb  vreg_util.o [4]
?pop_l1                   0x009ca0         Code  Gb  vreg_util.o [4]
?pop_l2                   0x009cab         Code  Gb  vreg_util.o [4]
?pop_l3                   0x009cb6         Code  Gb  vreg_util.o [4]
?pop_w4                   0x009c46         Code  Gb  vreg_util.o [4]
?pop_w6                   0x009c4d         Code  Gb  vreg_util.o [4]
?push_l0                  0x009c60         Code  Gb  vreg_util.o [4]
?push_l1                  0x009c65         Code  Gb  vreg_util.o [4]
?push_l2                  0x009c6a         Code  Gb  vreg_util.o [4]
?push_l3                  0x009c6f         Code  Gb  vreg_util.o [4]
?push_w4                  0x009c25         Code  Gb  vreg_util.o [4]
?push_w6                  0x009c2a         Code  Gb  vreg_util.o [4]
?sext32_l0_x              0x00995f         Code  Gb  long.o [4]
?sll32_0x_0x_a            0x009940         Code  Gb  long.o [4]
?sll32_l0_l0_a            0x00993d         Code  Gb  long.o [4]
?srl32_0x_0x_a            0x009951         Code  Gb  long.o [4]
?srl32_l0_l0_a            0x00994e         Code  Gb  long.o [4]
?srl8_a_a_5               0x00a65d         Code  Gb  char.o [4]
?srl8_a_a_6               0x00a65c         Code  Gb  char.o [4]
?ucmp32_c_l0_0x           0x009912         Code  Gb  long.o [4]
?w0                       0x000000         Data  Gb  vregs.o [4]
?w1                       0x000002         Data  Gb  vregs.o [4]
?w2                       0x000004         Data  Gb  vregs.o [4]
?w3                       0x000006         Data  Gb  vregs.o [4]
?w4                       0x000008         Data  Gb  vregs.o [4]
?w5                       0x00000a         Data  Gb  vregs.o [4]
?w6                       0x00000c         Data  Gb  vregs.o [4]
?w7                       0x00000e         Data  Gb  vregs.o [4]
ADC1_COMP_IRQHandler      0x00a68c    0x1  Code  Gb  stm8l15x_it.o [1]
ALL_ID_EEPROM_Erase       0x00810c   0x89  Code  Gb  eeprom.o [1]
BEEP_and_LED              0x00a235   0x5a  Code  Gb  ID_Decode.o [1]
CLK_SWR {Abs}           0x000050c8    0x1  Data  Wk  Initial.o [1]
COUNT_Receiver_Login      0x0004d2    0x1  Data  Gb  ram.o [1]
CSTACK$$Base              0x000700          --   Gb  - Linker created -
CSTACK$$Limit             0x000800          --   Gb  - Linker created -
ClearWDT                  0x00a668    0x5  Code  Gb  Initial.o [1]
DATA_Packet_Code          0x000450   0x18  Data  Gb  ram.o [1]
DATA_Packet_Code_g        0x0004cd    0x1  Data  Gb  ram.o [1]
DATA_Packet_Code_i        0x0004ce    0x1  Data  Gb  ram.o [1]
DATA_Packet_Contro_buf    0x0004d0    0x1  Data  Gb  ram.o [1]
DATA_Packet_Control       0x0004cf    0x1  Data  Gb  ram.o [1]
DATA_Packet_Head          0x0004ac    0x2  Data  Gb  ram.o [1]
DATA_Packet_ID            0x00048c    0x4  Data  Gb  ram.o [1]
DATA_Packet_Syn           0x000488    0x4  Data  Gb  ram.o [1]
DMA1_CHANNEL0_1_IRQHandler
                          0x00a67d    0x1  Code  Gb  stm8l15x_it.o [1]
DMA1_CHANNEL2_3_IRQHandler
                          0x00a67e    0x1  Code  Gb  stm8l15x_it.o [1]
Default_adf7012_value     0x008080   0x40  Data  Gb  ram.o [1]
Delayus                   0x00a618    0xd  Code  Gb  Initial.o [1]
EXIT_init                 0x00a653    0x9  Code  Gb  ID_Decode.o [1]
EXTI0_IRQHandler          0x00a683    0x1  Code  Gb  stm8l15x_it.o [1]
EXTI1_IRQHandler          0x00a684    0x1  Code  Gb  stm8l15x_it.o [1]
EXTI2_IRQHandler          0x00a53f   0x1b  Code  Gb  stm8l15x_it.o [1]
EXTI3_IRQHandler          0x00a685    0x1  Code  Gb  stm8l15x_it.o [1]
EXTI4_IRQHandler          0x00a686    0x1  Code  Gb  stm8l15x_it.o [1]
EXTI5_IRQHandler          0x00a687    0x1  Code  Gb  stm8l15x_it.o [1]
EXTI6_IRQHandler          0x00a688    0x1  Code  Gb  stm8l15x_it.o [1]
EXTI7_IRQHandler          0x00a689    0x1  Code  Gb  stm8l15x_it.o [1]
EXTIB_G_IRQHandler        0x00a681    0x1  Code  Gb  stm8l15x_it.o [1]
EXTID_H_IRQHandler        0x00a682    0x1  Code  Gb  stm8l15x_it.o [1]
EXTIE_F_PVD_IRQHandler    0x00a680    0x1  Code  Gb  stm8l15x_it.o [1]
FLAG0                     0x0004c4    0x1  Data  Gb  ram.o [1]
FLAG1                     0x0004c5    0x1  Data  Gb  ram.o [1]
FLAG_test                 0x0004c6    0x1  Data  Gb  ram.o [1]
FLAG_test1                0x0004c7    0x1  Data  Gb  ram.o [1]
FLASH_DUKR {Abs}        0x00005053    0x1  Data  Wk  eeprom.o [1]
FLASH_IRQHandler          0x00a67c    0x1  Code  Gb  stm8l15x_it.o [1]
Freq_Scanning             0x00a332   0x40  Code  Gb  ID_Decode.o [1]
I2C1_SPI2_IRQHandler      0x00a695    0x1  Code  Gb  stm8l15x_it.o [1]
ID_DATA_PCS               0x0004aa    0x2  Data  Gb  ram.o [1]
ID_Decode_IDCheck         0x00957f  0x1bc  Code  Gb  ID_Decode.o [1]
ID_Decode_OUT             0x008a0d  0x4c7  Code  Gb  ID_Decode.o [1]
ID_Decode_function        0x00935c  0x223  Code  Gb  ID_Decode.o [1]
ID_EEPROM_write           0x00819a  0x18c  Code  Gb  eeprom.o [1]
ID_EEPROM_write_0x00      0x0085b1  0x1f8  Code  Gb  eeprom.o [1]
ID_Login_EXIT_Initial     0x00a4e8   0x1d  Code  Gb  eeprom.o [1]
ID_Receiver_DATA          0x000010  0x400  Data  Gb  ram.o [1]
ID_Receiver_Login         0x000490    0x4  Data  Gb  ram.o [1]
ID_learn                  0x008326  0x28b  Code  Gb  eeprom.o [1]
INTVEC$$Base              0x008000          --   Gb  - Linker created -
INTVEC$$Limit             0x008080          --   Gb  - Linker created -
INquiry                   0x0004ae    0x2  Data  Gb  ram.o [1]
InitialFlashReg           0x00a5f9   0x11  Code  Gb  eeprom.o [1]
LCD_AES_IRQHandler        0x00a68a    0x1  Code  Gb  stm8l15x_it.o [1]
LockFlash                 0x0080e5    0xd  Code  Gb  eeprom.o [1]
Manual_override_TIMER     0x0004bc    0x2  Data  Gb  ram.o [1]
PC_PRG                    0x008ed4  0x25b  Code  Gb  uart.o [1]
RAM_clean                 0x00a63e    0xb  Code  Gb  Initial.o [1]
RAM_rssi_AVG              0x0004d5    0x1  Data  Gb  ram.o [1]
RAM_rssi_CNT              0x0004d4    0x1  Data  Gb  ram.o [1]
RAM_rssi_SUM              0x0004be    0x2  Data  Gb  ram.o [1]
READ_RSSI_avg             0x00a372   0x3f  Code  Gb  adf7021.o [1]
RF_test_mode              0x00912f  0x22d  Code  Gb  Initial.o [1]
ROM_adf7012_value         0x000410   0x40  Data  Gb  ram.o [1]
RSSI_value_buf            0x000494    0x4  Data  Gb  ram.o [1]
RTC_CSSLSE_IRQHandler     0x00a67f    0x1  Code  Gb  stm8l15x_it.o [1]
ReadByteEEPROM            0x008195    0x5  Code  Gb  eeprom.o [1]
Receiver_BEEP             0x009f2d   0xa7  Code  Gb  ID_Decode.o [1]
Region$$Table$$Base       0x0080c0          --   Gb  - Linker created -
Region$$Table$$Limit      0x0080c9          --   Gb  - Linker created -
SIO_DATA                  0x000478   0x10  Data  Gb  ram.o [1]
SIO_buff                  0x000468   0x10  Data  Gb  ram.o [1]
SIO_cnt                   0x0004c8    0x1  Data  Gb  ram.o [1]
SPI1_IRQHandler           0x00a693    0x1  Code  Gb  stm8l15x_it.o [1]
SWITCH_CSS_BREAK_DAC_IRQHandler
                          0x00a68b    0x1  Code  Gb  stm8l15x_it.o [1]
Send_char                 0x00a470   0x1e  Code  Gb  uart.o [1]
Signal_DATA_Decode        0x00996a   0xf3  Code  Gb  ID_Decode.o [1]
SysClock_Init             0x00a421   0x2e  Code  Gb  Initial.o [1]
TIM1_CC_IRQHandler        0x00a692    0x1  Code  Gb  stm8l15x_it.o [1]
TIM1_UPD_OVF_TRG_COM_IRQHandler
                          0x00a691    0x1  Code  Gb  stm8l15x_it.o [1]
TIM2_CC_USART2_RX_IRQHandler
                          0x00a68e    0x1  Code  Gb  stm8l15x_it.o [1]
TIM2_UPD_OVF_TRG_BRK_USART2_TX_IRQHandler
                          0x00a68d    0x1  Code  Gb  stm8l15x_it.o [1]
TIM3_CC_USART3_RX_IRQHandler
                          0x00a690    0x1  Code  Gb  stm8l15x_it.o [1]
TIM3_UPD_OVF_TRG_BRK_USART3_TX_IRQHandler
                          0x00a68f    0x1  Code  Gb  stm8l15x_it.o [1]
TIM4_Init                 0x00a5e8   0x11  Code  Gb  Timer.o [1]
TIM4_UPD_OVF              0x00a28f   0x54  Code  Gb  Timer.o [1]
TIM4_UPD_OVF_TRG_IRQHandler
                          0x00a55a   0x1b  Code  Gb  stm8l15x_it.o [1]
TIMER18ms                 0x0004a2    0x2  Data  Gb  ram.o [1]
TIMER1s                   0x00049e    0x2  Data  Gb  ram.o [1]
TIMER250ms_STOP           0x0004cb    0x1  Data  Gb  ram.o [1]
TIMER300ms                0x0004a0    0x2  Data  Gb  ram.o [1]
TIME_10ms                 0x0004ca    0x1  Data  Gb  ram.o [1]
TIME_EMC                  0x0004d1    0x1  Data  Gb  ram.o [1]
TIME_Fine_Calibration     0x0004c2    0x2  Data  Gb  ram.o [1]
TIME_Login_EXIT_Button    0x0004ba    0x2  Data  Gb  ram.o [1]
TIME_Login_EXIT_rest      0x0004b4    0x2  Data  Gb  ram.o [1]
TIME_OUT_OPEN_CLOSE       0x0004d3    0x1  Data  Gb  ram.o [1]
TIME_Receiver_LED_OUT     0x0004b8    0x2  Data  Gb  ram.o [1]
TIME_Receiver_Login       0x0004b2    0x2  Data  Gb  ram.o [1]
TIME_Receiver_Login_led
                          0x0004b6    0x2  Data  Gb  ram.o [1]
TIME_Receiver_Login_restrict
                          0x0004b0    0x2  Data  Gb  ram.o [1]
TIME_auto_close           0x0004a6    0x2  Data  Gb  ram.o [1]
TIME_auto_out             0x0004a4    0x2  Data  Gb  ram.o [1]
TRAP_IRQHandler           0x00a67b    0x1  Code  Gb  stm8l15x_it.o [1]
Tx_Rx_mode                0x0004c9    0x1  Data  Gb  ram.o [1]
UART1_INIT                0x00a505   0x1d  Code  Gb  uart.o [1]
UART1_RX_RXNE             0x00a2e3   0x4f  Code  Gb  uart.o [1]
UART1_end                 0x00a522   0x1d  Code  Gb  uart.o [1]
USART1_DR {Abs}         0x00005231    0x1  Data  Wk  uart.o [1]
USART1_RX_TIM5_CC_IRQHandler
                          0x00a575   0x1b  Code  Gb  stm8l15x_it.o [1]
USART1_TX_TIM5_UPD_OVF_TRG_BRK_IRQHandler
                          0x00a694    0x1  Code  Gb  stm8l15x_it.o [1]
UnlockFlash               0x0080f7   0x15  Code  Gb  eeprom.o [1]
VHF_GPIO_INIT             0x00973b  0x126  Code  Gb  Initial.o [1]
WDT_init                  0x00a5d7   0x11  Code  Gb  Initial.o [1]
WriteByteToFLASH          0x0080f2    0x5  Code  Gb  eeprom.o [1]
X_COUNT                   0x000498    0x2  Data  Gb  ram.o [1]
X_ERR                     0x00049a    0x2  Data  Gb  ram.o [1]
__DebugBreak              0x00a696    0x1  Code  Gb  __dbg_break.o [3]
__exit                    0x00a5c1   0x16  Code  Gb  __dbg_xxexit.o [3]
__iar_data_init2          0x00a4ac   0x1e  Code  Gb  init.o [4]
__iar_program_start       0x00a5aa         Code  Gb  cstartup.o [4]
__iar_unhandled_exception
                          0x00a678         Code  Gb  unhandled_exception.o [4]
__iar_zero_init2          0x00a4ca         Code  Gb  init_small.o [4]
__intvec                  0x008000         Data  Gb  interrupt.o [4]
__low_level_init          0x00a675    0x3  Code  Gb  low_level_init.o [4]
_exit                     0x00a662         Code  Gb  cexit.o [4]
_interrupt_1              0x00a67b         Code  Gb  stm8l15x_it.o [1]
_interrupt_10             0x00a683         Code  Gb  stm8l15x_it.o [1]
_interrupt_11             0x00a684         Code  Gb  stm8l15x_it.o [1]
_interrupt_12             0x00a53f         Code  Gb  stm8l15x_it.o [1]
_interrupt_13             0x00a685         Code  Gb  stm8l15x_it.o [1]
_interrupt_14             0x00a686         Code  Gb  stm8l15x_it.o [1]
_interrupt_15             0x00a687         Code  Gb  stm8l15x_it.o [1]
_interrupt_16             0x00a688         Code  Gb  stm8l15x_it.o [1]
_interrupt_17             0x00a689         Code  Gb  stm8l15x_it.o [1]
_interrupt_18             0x00a68a         Code  Gb  stm8l15x_it.o [1]
_interrupt_19             0x00a68b         Code  Gb  stm8l15x_it.o [1]
_interrupt_2              0x00a66d         Code  Wk  interrupt.o [4]
_interrupt_20             0x00a68c         Code  Gb  stm8l15x_it.o [1]
_interrupt_21             0x00a68d         Code  Gb  stm8l15x_it.o [1]
_interrupt_22             0x00a68e         Code  Gb  stm8l15x_it.o [1]
_interrupt_23             0x00a68f         Code  Gb  stm8l15x_it.o [1]
_interrupt_24             0x00a690         Code  Gb  stm8l15x_it.o [1]
_interrupt_25             0x00a691         Code  Gb  stm8l15x_it.o [1]
_interrupt_26             0x00a692         Code  Gb  stm8l15x_it.o [1]
_interrupt_27             0x00a55a         Code  Gb  stm8l15x_it.o [1]
_interrupt_28             0x00a693         Code  Gb  stm8l15x_it.o [1]
_interrupt_29             0x00a694         Code  Gb  stm8l15x_it.o [1]
_interrupt_3              0x00a67c         Code  Gb  stm8l15x_it.o [1]
_interrupt_30             0x00a575         Code  Gb  stm8l15x_it.o [1]
_interrupt_31             0x00a695         Code  Gb  stm8l15x_it.o [1]
_interrupt_4              0x00a67d         Code  Gb  stm8l15x_it.o [1]
_interrupt_5              0x00a67e         Code  Gb  stm8l15x_it.o [1]
_interrupt_6              0x00a67f         Code  Gb  stm8l15x_it.o [1]
_interrupt_7              0x00a680         Code  Gb  stm8l15x_it.o [1]
_interrupt_8              0x00a681         Code  Gb  stm8l15x_it.o [1]
_interrupt_9              0x00a682         Code  Gb  stm8l15x_it.o [1]
asc_hex                   0x00a649    0xa  Code  Gb  uart.o [1]
asc_hex_2                 0x00a590   0x1a  Code  Gb  uart.o [1]
beep_init                 0x00a44f   0x21  Code  Gb  Initial.o [1]
dd_read_7021_reg          0x009b46   0xdf  Code  Gb  adf7021.o [1]
dd_read_RSSI              0x00a168   0x6d  Code  Gb  adf7021.o [1]
dd_set_ADF7021_Freq       0x00a3ec   0x35  Code  Gb  adf7021.o [1]
dd_set_ADF7021_Power_on
                          0x00a3b1   0x3b  Code  Gb  adf7021.o [1]
dd_set_RX_mode            0x009a5d   0xe9  Code  Gb  adf7021.o [1]
dd_set_RX_mode_test       0x009cfe   0xcb  Code  Gb  adf7021.o [1]
dd_set_TX_mode_1010pattern
                          0x009e7b   0xb2  Code  Gb  adf7021.o [1]
dd_set_TX_mode_carrier    0x009dc9   0xb2  Code  Gb  adf7021.o [1]
dd_write_7021_reg         0x009fd4   0x92  Code  Gb  adf7021.o [1]
eeprom_IDcheck            0x00a1d5   0x60  Code  Gb  ID_Decode.o [1]
eeprom_sys_load           0x0087a9  0x264  Code  Gb  eeprom.o [1]
exit                      0x00a671    0x4  Code  Gb  exit.o [4]
gain_correction           0x0080c9   0x10  Data  Gb  adf7021.o [1]
hex_asc                   0x00a632    0xc  Code  Gb  uart.o [1]
main                      0x00a066   0x90  Code  Gb  main.o [1]
rssi                      0x00049c    0x2  Data  Gb  ram.o [1]
rxphase                   0x0004cc    0x1  Data  Gb  ram.o [1]
time_3sec                 0x0004a8    0x2  Data  Gb  ram.o [1]
time_Login_exit_256       0x0004c0    0x2  Data  Gb  ram.o [1]


[1] = F:\Source Code\bunka-s\Bunka STM8L151G6 RX Source\Bunka STM8L151G6 RX Source Ver1.18 G4U6\Debug\Obj
[2] = command line
[3] = dbgstm8mmd.a
[4] = dlstm8mmn.a

  9 650 bytes of readonly  code memory
    229 bytes of readonly  data memory
  1 494 bytes of readwrite data memory

Errors: none
Warnings: none
